     1 00000000 E92200                  jmp near start
     2                                  
     3 00000003 05FF80F09730            data1 db 0x05,0xff,0x80,0xf0,0x97,0x30
     4 00000009 9000F0FFA00035122F-     data2 dw 0x90,0xfff0,0xa0,0x1235,0x2f,0xc0,0xc5bc
     4 00000012 00C000BCC5         
     5 00000017 64617461313A006461-     negInfo db 'd','a','t','a','1',':',0,'d','a','t','a','2',':',0
     5 00000020 7461323A00         
     6                                  
     7                                  start:
     8 00000025 B8C007                      mov ax,0x07c0
     9 00000028 8ED8                        mov ds,ax
    10                                  
    11 0000002A B800B8                      mov ax,0xb800
    12 0000002D 8EC0                        mov es,ax
    13                                  
    14 0000002F B90600                      mov cx,6
    15 00000032 BA0000                      mov dx,0
    16 00000035 BE[0300]                    mov si,data1
    17                                  counter1:
    18 00000038 8A04                        mov al,[si]
    19 0000003A 3C00                        cmp al,0
    20 0000003C 7D01                        jge pos1
    21 0000003E 42                          inc dx
    22                                      pos1:
    23 0000003F 46                          inc si
    24 00000040 E2F6                        loop counter1
    25                                  
    26 00000042 B90700                      mov cx,7
    27 00000045 BB0000                      mov bx,0
    28 00000048 BE[0900]                    mov si,data2
    29                                  counter2:
    30 0000004B 8B04                        mov ax,[si]
    31 0000004D 83F800                      cmp ax,0
    32 00000050 7D01                        jge pos2
    33 00000052 43                          inc bx
    34                                      pos2:
    35 00000053 83C602                      add si,2
    36 00000056 E2F3                        loop counter2
    37                                  
    38 00000058 83C230                      add dx,0x30
    39 0000005B 83C330                      add bx,0x30
    40 0000005E BE[1700]                    mov si,negInfo
    41 00000061 885406                      mov [si+6],dl
    42 00000064 885C0D                      mov [si+13],bl
    43                                  
    44 00000067 B90E00                      mov cx,14
    45 0000006A BF0000                      mov di,0
    46                                      show:
    47 0000006D 8A04                            mov al,[si]
    48 0000006F B404                            mov ah,0x04
    49 00000071 268905                          mov [es:di],ax
    50 00000074 83C702                          add di,2
    51 00000077 46                              inc si
    52 00000078 E2F3                        loop show
    53                                      
    54 0000007A E9FDFF                      jmp near $
    55                                  
    56 0000007D 00<rept>                    times 510-($-$$) db 0
    57 000001FE 55AA                        db 0x55,0xaa
    58                                      
